Release 14.7 - xst P.20131013 (nt64)
Copyright (c) 1995-2013 Xilinx, Inc.  All rights reserved.
--> Parameter TMPDIR set to xst/projnav.tmp


Total REAL time to Xst completion: 0.00 secs
Total CPU time to Xst completion: 0.24 secs
 
--> Parameter xsthdpdir set to xst


Total REAL time to Xst completion: 0.00 secs
Total CPU time to Xst completion: 0.24 secs
 
--> Reading design: UNID_D_CONTROL_MULTIPLY.prj

TABLE OF CONTENTS
  1) Synthesis Options Summary
  2) HDL Parsing
  3) HDL Elaboration
  4) HDL Synthesis
       4.1) HDL Synthesis Report
  5) Advanced HDL Synthesis
       5.1) Advanced HDL Synthesis Report
  6) Low Level Synthesis
  7) Partition Report
  8) Design Summary
       8.1) Primitive and Black Box Usage
       8.2) Device utilization summary
       8.3) Partition Resource Summary
       8.4) Timing Report
            8.4.1) Clock Information
            8.4.2) Asynchronous Control Signals Information
            8.4.3) Timing Summary
            8.4.4) Timing Details
            8.4.5) Cross Clock Domains Report


=========================================================================
*                      Synthesis Options Summary                        *
=========================================================================
---- Source Parameters
Input File Name                    : "UNID_D_CONTROL_MULTIPLY.prj"
Ignore Synthesis Constraint File   : NO

---- Target Parameters
Output File Name                   : "UNID_D_CONTROL_MULTIPLY"
Output Format                      : NGC
Target Device                      : xc6slx16-3-csg324

---- Source Options
Top Module Name                    : UNID_D_CONTROL_MULTIPLY
Automatic FSM Extraction           : YES
FSM Encoding Algorithm             : Auto
Safe Implementation                : No
FSM Style                          : LUT
RAM Extraction                     : Yes
RAM Style                          : Auto
ROM Extraction                     : Yes
Shift Register Extraction          : YES
ROM Style                          : Auto
Resource Sharing                   : YES
Asynchronous To Synchronous        : NO
Shift Register Minimum Size        : 2
Use DSP Block                      : Auto
Automatic Register Balancing       : No

---- Target Options
LUT Combining                      : Auto
Reduce Control Sets                : Auto
Add IO Buffers                     : YES
Global Maximum Fanout              : 100000
Add Generic Clock Buffer(BUFG)     : 16
Register Duplication               : YES
Optimize Instantiated Primitives   : NO
Use Clock Enable                   : Auto
Use Synchronous Set                : Auto
Use Synchronous Reset              : Auto
Pack IO Registers into IOBs        : Auto
Equivalent register Removal        : YES

---- General Options
Optimization Goal                  : Speed
Optimization Effort                : 1
Power Reduction                    : NO
Keep Hierarchy                     : No
Netlist Hierarchy                  : As_Optimized
RTL Output                         : Yes
Global Optimization                : AllClockNets
Read Cores                         : YES
Write Timing Constraints           : NO
Cross Clock Analysis               : NO
Hierarchy Separator                : /
Bus Delimiter                      : <>
Case Specifier                     : Maintain
Slice Utilization Ratio            : 100
BRAM Utilization Ratio             : 100
DSP48 Utilization Ratio            : 100
Auto BRAM Packing                  : NO
Slice Utilization Ratio Delta      : 5

=========================================================================


=========================================================================
*                          HDL Parsing                                  *
=========================================================================
Parsing VHDL file "C:\Users\Dell-E6410\Documents\ESCOM APUNTES\5o SEMESTRE\DSD\UNID_D_CONTROL_MULTIPLY\UNID_D_CONTROL_MULTIPLY.vhd" into library work
Parsing entity <UNID_D_CONTROL_MULTIPLY>.
Parsing architecture <Behavioral> of entity <unid_d_control_multiply>.

=========================================================================
*                            HDL Elaboration                            *
=========================================================================

Elaborating entity <UNID_D_CONTROL_MULTIPLY> (architecture <Behavioral>) from library <work>.

=========================================================================
*                           HDL Synthesis                               *
=========================================================================

Synthesizing Unit <UNID_D_CONTROL_MULTIPLY>.
    Related source file is "C:\Users\Dell-E6410\Documents\ESCOM APUNTES\5o SEMESTRE\DSD\UNID_D_CONTROL_MULTIPLY\UNID_D_CONTROL_MULTIPLY.vhd".
    Found 2-bit register for signal <estado_pres>.
    Found finite state machine <FSM_0> for signal <estado_pres>.
    -----------------------------------------------------------------------
    | States             | 3                                              |
    | Transitions        | 6                                              |
    | Inputs             | 2                                              |
    | Outputs            | 6                                              |
    | Clock              | clk (rising_edge)                              |
    | Reset              | clr (positive)                                 |
    | Reset type         | asynchronous                                   |
    | Reset State        | carga                                          |
    | Power Up State     | carga                                          |
    | Encoding           | auto                                           |
    | Implementation     | LUT                                            |
    -----------------------------------------------------------------------
WARNING:Xst:737 - Found 1-bit latch for signal <sel>. Latches may be generated from incomplete case or if statements. We do not recommend the use of latches in FPGA/CPLD designs, as they may lead to timing problems.
    Summary:
	inferred   1 Latch(s).
	inferred   2 Multiplexer(s).
	inferred   1 Finite State Machine(s).
Unit <UNID_D_CONTROL_MULTIPLY> synthesized.

=========================================================================
HDL Synthesis Report

Macro Statistics
# Latches                                              : 1
 1-bit latch                                           : 1
# Multiplexers                                         : 2
 1-bit 2-to-1 multiplexer                              : 2
# FSMs                                                 : 1

=========================================================================

=========================================================================
*                       Advanced HDL Synthesis                          *
=========================================================================


=========================================================================
Advanced HDL Synthesis Report

Macro Statistics
# Multiplexers                                         : 2
 1-bit 2-to-1 multiplexer                              : 2
# FSMs                                                 : 1

=========================================================================

=========================================================================
*                         Low Level Synthesis                           *
=========================================================================
Analyzing FSM <MFsm> for best encoding.
Optimizing FSM <FSM_0> on signal <estado_pres[1:2]> with user encoding.
---------------------
 State   | Encoding
---------------------
 carga   | 00
 proceso | 01
 final   | 10
---------------------

Optimizing unit <UNID_D_CONTROL_MULTIPLY> ...

Mapping all equations...
Building and optimizing final netlist ...
Found area constraint ratio of 100 (+ 5) on block UNID_D_CONTROL_MULTIPLY, actual ratio is 0.

Final Macro Processing ...

=========================================================================
Final Register Report

Macro Statistics
# Registers                                            : 2
 Flip-Flops                                            : 2

=========================================================================

=========================================================================
*                           Partition Report                            *
=========================================================================

Partition Implementation Status
-------------------------------

  No Partitions were found in this design.

-------------------------------

=========================================================================
*                            Design Summary                             *
=========================================================================

Top Level Output File Name         : UNID_D_CONTROL_MULTIPLY.ngc

Primitive and Black Box Usage:
------------------------------
# BELS                             : 5
#      INV                         : 1
#      LUT2                        : 1
#      LUT3                        : 1
#      LUT4                        : 2
# FlipFlops/Latches                : 3
#      FDC                         : 2
#      LD                          : 1
# Clock Buffers                    : 1
#      BUFGP                       : 1
# IO Buffers                       : 9
#      IBUF                        : 4
#      OBUF                        : 5

Device utilization summary:
---------------------------

Selected Device : 6slx16csg324-3 


Slice Logic Utilization: 
 Number of Slice Registers:               2  out of  18224     0%  
 Number of Slice LUTs:                    5  out of   9112     0%  
    Number used as Logic:                 5  out of   9112     0%  

Slice Logic Distribution: 
 Number of LUT Flip Flop pairs used:      7
   Number with an unused Flip Flop:       5  out of      7    71%  
   Number with an unused LUT:             2  out of      7    28%  
   Number of fully used LUT-FF pairs:     0  out of      7     0%  
   Number of unique control sets:         2

IO Utilization: 
 Number of IOs:                          10
 Number of bonded IOBs:                  10  out of    232     4%  
    IOB Flip Flops/Latches:               1

Specific Feature Utilization:
 Number of BUFG/BUFGCTRLs:                1  out of     16     6%  

---------------------------
Partition Resource Summary:
---------------------------

  No Partitions were found in this design.

---------------------------


=========================================================================
Timing Report

NOTE: THESE TIMING NUMBERS ARE ONLY A SYNTHESIS ESTIMATE.
      FOR ACCURATE TIMING INFORMATION PLEASE REFER TO THE TRACE REPORT
      GENERATED AFTER PLACE-and-ROUTE.

Clock Information:
------------------
-----------------------------------+------------------------+-------+
Clock Signal                       | Clock buffer(FF name)  | Load  |
-----------------------------------+------------------------+-------+
estado_pres_FSM_FFd1               | NONE(sel)              | 1     |
clk                                | BUFGP                  | 2     |
-----------------------------------+------------------------+-------+
INFO:Xst:2169 - HDL ADVISOR - Some clock signals were not automatically buffered by XST with BUFG/BUFR resources. Please use the buffer_type constraint in order to insert these buffers to the clock signals to help prevent skew problems.

Asynchronous Control Signals Information:
----------------------------------------
No asynchronous control signals found in this design

Timing Summary:
---------------
Speed Grade: -3

   Minimum period: 1.571ns (Maximum Frequency: 636.537MHz)
   Minimum input arrival time before clock: 2.425ns
   Maximum output required time after clock: 4.619ns
   Maximum combinational path delay: No path found

Timing Details:
---------------
All values displayed in nanoseconds (ns)

=========================================================================
Timing constraint: Default period analysis for Clock 'clk'
  Clock period: 1.571ns (frequency: 636.537MHz)
  Total number of paths / destination ports: 4 / 2
-------------------------------------------------------------------------
Delay:               1.571ns (Levels of Logic = 1)
  Source:            estado_pres_FSM_FFd2 (FF)
  Destination:       estado_pres_FSM_FFd2 (FF)
  Source Clock:      clk rising
  Destination Clock: clk rising

  Data Path: estado_pres_FSM_FFd2 to estado_pres_FSM_FFd2
                                Gate     Net
    Cell:in->out      fanout   Delay   Delay  Logical Name (Net Name)
    ----------------------------------------  ------------
     FDC:C->Q              5   0.447   0.819  estado_pres_FSM_FFd2 (estado_pres_FSM_FFd2)
     LUT4:I2->O            1   0.203   0.000  estado_pres_FSM_FFd2-In1 (estado_pres_FSM_FFd2-In)
     FDC:D                     0.102          estado_pres_FSM_FFd2
    ----------------------------------------
    Total                      1.571ns (0.752ns logic, 0.819ns route)
                                       (47.9% logic, 52.1% route)

=========================================================================
Timing constraint: Default OFFSET IN BEFORE for Clock 'estado_pres_FSM_FFd1'
  Total number of paths / destination ports: 2 / 1
-------------------------------------------------------------------------
Offset:              2.217ns (Levels of Logic = 2)
  Source:            z (PAD)
  Destination:       sel (LATCH)
  Destination Clock: estado_pres_FSM_FFd1 rising

  Data Path: z to sel
                                Gate     Net
    Cell:in->out      fanout   Delay   Delay  Logical Name (Net Name)
    ----------------------------------------  ------------
     IBUF:I->O             3   1.222   0.755  z_IBUF (z_IBUF)
     LUT3:I1->O            1   0.203   0.000  Mmux_estado_pres[1]_s_aux_Mux_7_o11 (estado_pres[1]_s_aux_Mux_7_o)
     LD:D                      0.037          sel
    ----------------------------------------
    Total                      2.217ns (1.462ns logic, 0.755ns route)
                                       (65.9% logic, 34.1% route)

=========================================================================
Timing constraint: Default OFFSET IN BEFORE for Clock 'clk'
  Total number of paths / destination ports: 6 / 4
-------------------------------------------------------------------------
Offset:              2.425ns (Levels of Logic = 2)
  Source:            z (PAD)
  Destination:       estado_pres_FSM_FFd2 (FF)
  Destination Clock: clk rising

  Data Path: z to estado_pres_FSM_FFd2
                                Gate     Net
    Cell:in->out      fanout   Delay   Delay  Logical Name (Net Name)
    ----------------------------------------  ------------
     IBUF:I->O             3   1.222   0.898  z_IBUF (z_IBUF)
     LUT4:I0->O            1   0.203   0.000  estado_pres_FSM_FFd2-In1 (estado_pres_FSM_FFd2-In)
     FDC:D                     0.102          estado_pres_FSM_FFd2
    ----------------------------------------
    Total                      2.425ns (1.527ns logic, 0.898ns route)
                                       (63.0% logic, 37.0% route)

=========================================================================
Timing constraint: Default OFFSET OUT AFTER for Clock 'clk'
  Total number of paths / destination ports: 5 / 4
-------------------------------------------------------------------------
Offset:              4.619ns (Levels of Logic = 2)
  Source:            estado_pres_FSM_FFd2 (FF)
  Destination:       S<3> (PAD)
  Source Clock:      clk rising

  Data Path: estado_pres_FSM_FFd2 to S<3>
                                Gate     Net
    Cell:in->out      fanout   Delay   Delay  Logical Name (Net Name)
    ----------------------------------------  ------------
     FDC:C->Q              5   0.447   0.819  estado_pres_FSM_FFd2 (estado_pres_FSM_FFd2)
     LUT2:I0->O            1   0.203   0.579  estado_pres__n0025<3>1 (S_3_OBUF)
     OBUF:I->O                 2.571          S_3_OBUF (S<3>)
    ----------------------------------------
    Total                      4.619ns (3.221ns logic, 1.398ns route)
                                       (69.7% logic, 30.3% route)

=========================================================================
Timing constraint: Default OFFSET OUT AFTER for Clock 'estado_pres_FSM_FFd1'
  Total number of paths / destination ports: 1 / 1
-------------------------------------------------------------------------
Offset:              3.648ns (Levels of Logic = 1)
  Source:            sel (LATCH)
  Destination:       sel (PAD)
  Source Clock:      estado_pres_FSM_FFd1 rising

  Data Path: sel to sel
                                Gate     Net
    Cell:in->out      fanout   Delay   Delay  Logical Name (Net Name)
    ----------------------------------------  ------------
     LD:G->Q               1   0.498   0.579  sel (sel_OBUF)
     OBUF:I->O                 2.571          sel_OBUF (sel)
    ----------------------------------------
    Total                      3.648ns (3.069ns logic, 0.579ns route)
                                       (84.1% logic, 15.9% route)

=========================================================================

Cross Clock Domains Report:
--------------------------

Clock to Setup on destination clock clk
---------------+---------+---------+---------+---------+
               | Src:Rise| Src:Fall| Src:Rise| Src:Fall|
Source Clock   |Dest:Rise|Dest:Rise|Dest:Fall|Dest:Fall|
---------------+---------+---------+---------+---------+
clk            |    1.571|         |         |         |
---------------+---------+---------+---------+---------+

Clock to Setup on destination clock estado_pres_FSM_FFd1
---------------+---------+---------+---------+---------+
               | Src:Rise| Src:Fall| Src:Rise| Src:Fall|
Source Clock   |Dest:Rise|Dest:Rise|Dest:Fall|Dest:Fall|
---------------+---------+---------+---------+---------+
clk            |    1.632|         |         |         |
---------------+---------+---------+---------+---------+

=========================================================================


Total REAL time to Xst completion: 7.00 secs
Total CPU time to Xst completion: 7.05 secs
 
--> 

Total memory usage is 278440 kilobytes

Number of errors   :    0 (   0 filtered)
Number of warnings :    1 (   0 filtered)
Number of infos    :    1 (   0 filtered)

